[demo.hasthemes.com/sheltek-preview/sheltek/index-2.html]
[backblue.gif]
[fade.gif]
[index.html]
[demo.hasthemes.com/sheltek-preview/sheltek/images/icons/favicon.png]
[demo.hasthemes.com/sheltek-preview/sheltek/css/bootstrap.min.css]
[demo.hasthemes.com/sheltek-preview/sheltek/lib/css/nivo-slider.css]
[demo.hasthemes.com/sheltek-preview/sheltek/css/core.css]
[demo.hasthemes.com/sheltek-preview/sheltek/css/shortcode/shortcodes.css]
[demo.hasthemes.com/sheltek-preview/sheltek/style.css]
[demo.hasthemes.com/sheltek-preview/sheltek/css/responsive.css]
[demo.hasthemes.com/sheltek-preview/sheltek/css/custom.css]
[demo.hasthemes.com/sheltek-preview/sheltek/css/style-customizer.css]
[demo.hasthemes.com/sheltek-preview/sheltek/js/vendor/modernizr-2.8.3.min.js]
[demo.hasthemes.com/sheltek-preview/sheltek/index.html]
[demo.hasthemes.com/sheltek-preview/sheltek/images/logo/logo.png]
[demo.hasthemes.com/sheltek-preview/sheltek/images/icons/phone.png]
[demo.hasthemes.com/sheltek-preview/sheltek/images/icons/mail-open.png]
[demo.hasthemes.com/sheltek-preview/sheltek/images/icons/search.png]
[demo.hasthemes.com/sheltek-preview/sheltek/index-3.html]
[demo.hasthemes.com/sheltek-preview/sheltek/index-4.html]
[demo.hasthemes.com/sheltek-preview/sheltek/index-5.html]
[demo.hasthemes.com/sheltek-preview/sheltek/index-6.html]
[demo.hasthemes.com/sheltek-preview/sheltek/index-7.html]
[demo.hasthemes.com/sheltek-preview/sheltek/index-8.html]
[demo.hasthemes.com/sheltek-preview/sheltek/index-9.html]
[demo.hasthemes.com/sheltek-preview/sheltek/index-10.html]
[demo.hasthemes.com/sheltek-preview/sheltek/index-11.html]
[demo.hasthemes.com/sheltek-preview/sheltek/index-12.html]
[demo.hasthemes.com/sheltek-preview/sheltek/index-13.html]
[demo.hasthemes.com/sheltek-preview/sheltek/elements-accordion.html]
[demo.hasthemes.com/sheltek-preview/sheltek/elements-agent.html]
[demo.hasthemes.com/sheltek-preview/sheltek/elements-alerts.html]
[demo.hasthemes.com/sheltek-preview/sheltek/elements-audio.html]
[demo.hasthemes.com/sheltek-preview/sheltek/elements-call-to-actions.html]
[demo.hasthemes.com/sheltek-preview/sheltek/elements-contact-1.html]
[demo.hasthemes.com/sheltek-preview/sheltek/elements-contact-2.html]
[demo.hasthemes.com/sheltek-preview/sheltek/elements-features.html]
[demo.hasthemes.com/sheltek-preview/sheltek/elements-footer-1.html]
[demo.hasthemes.com/sheltek-preview/sheltek/elements-footer-2.html]
[demo.hasthemes.com/sheltek-preview/sheltek/elements-header-sticky-no.html]
[demo.hasthemes.com/sheltek-preview/sheltek/elements-header-sticky.html]
[demo.hasthemes.com/sheltek-preview/sheltek/elements-map.html]
[demo.hasthemes.com/sheltek-preview/sheltek/elements-media.html]
[demo.hasthemes.com/sheltek-preview/sheltek/elements-pagination.html]
[demo.hasthemes.com/sheltek-preview/sheltek/elements-progress-bar.html]
[demo.hasthemes.com/sheltek-preview/sheltek/elements-property.html]
[demo.hasthemes.com/sheltek-preview/sheltek/elements-services.html]
[demo.hasthemes.com/sheltek-preview/sheltek/elements-sidebar-left-1.html]
[demo.hasthemes.com/sheltek-preview/sheltek/elements-sidebar-left-2.html]
[demo.hasthemes.com/sheltek-preview/sheltek/elements-sidebar-right-1.html]
[demo.hasthemes.com/sheltek-preview/sheltek/elements-sidebar-right-2.html]
[demo.hasthemes.com/sheltek-preview/sheltek/elements-tab.html]
[demo.hasthemes.com/sheltek-preview/sheltek/elements-table.html]
[demo.hasthemes.com/sheltek-preview/sheltek/elements-testimonials.html]
[demo.hasthemes.com/sheltek-preview/sheltek/elements-toggles.html]
[demo.hasthemes.com/sheltek-preview/sheltek/elements-video.html]
[demo.hasthemes.com/sheltek-preview/sheltek/elements-typography.html]
[demo.hasthemes.com/sheltek-preview/sheltek/service.html]
[demo.hasthemes.com/sheltek-preview/sheltek/service-details.html]
[demo.hasthemes.com/sheltek-preview/sheltek/properties.html]
[demo.hasthemes.com/sheltek-preview/sheltek/properties-left-sidebar.html]
[demo.hasthemes.com/sheltek-preview/sheltek/properties-right-sidebar.html]
[demo.hasthemes.com/sheltek-preview/sheltek/properties-details.html]
[demo.hasthemes.com/sheltek-preview/sheltek/agent.html]
[demo.hasthemes.com/sheltek-preview/sheltek/agent-details.html]
[demo.hasthemes.com/sheltek-preview/sheltek/about.html]
[demo.hasthemes.com/sheltek-preview/sheltek/features.html]
[demo.hasthemes.com/sheltek-preview/sheltek/coming-soon.html]
[demo.hasthemes.com/sheltek-preview/sheltek/login.html]
[demo.hasthemes.com/sheltek-preview/sheltek/404.html]
[demo.hasthemes.com/sheltek-preview/sheltek/contact.html]
[demo.hasthemes.com/sheltek-preview/sheltek/blog.html]
[demo.hasthemes.com/sheltek-preview/sheltek/blog-left-sidebar.html]
[demo.hasthemes.com/sheltek-preview/sheltek/blog-right-sidebar.html]
[demo.hasthemes.com/sheltek-preview/sheltek/single-blog.html]
[demo.hasthemes.com/sheltek-preview/sheltek/images/service/1.jpg]
[demo.hasthemes.com/sheltek-preview/sheltek/images/service/2.jpg]
[demo.hasthemes.com/sheltek-preview/sheltek/images/service/3.jpg]
[demo.hasthemes.com/sheltek-preview/sheltek/images/service/4.jpg]
[demo.hasthemes.com/sheltek-preview/sheltek/images/about/2.jpg]
[demo.hasthemes.com/sheltek-preview/sheltek/images/others/booking.png]
[demo.hasthemes.com/sheltek-preview/sheltek/images/flat/1.jpg]
[demo.hasthemes.com/sheltek-preview/sheltek/images/icons/4.png]
[demo.hasthemes.com/sheltek-preview/sheltek/images/icons/5.png]
[demo.hasthemes.com/sheltek-preview/sheltek/images/icons/6.png]
[demo.hasthemes.com/sheltek-preview/sheltek/images/icons/location.png]
[demo.hasthemes.com/sheltek-preview/sheltek/images/flat/2.jpg]
[demo.hasthemes.com/sheltek-preview/sheltek/images/flat/3.jpg]
[demo.hasthemes.com/sheltek-preview/sheltek/images/flat/4.jpg]
[demo.hasthemes.com/sheltek-preview/sheltek/images/flat/5.jpg]
[demo.hasthemes.com/sheltek-preview/sheltek/images/flat/6.jpg]
[demo.hasthemes.com/sheltek-preview/sheltek/images/flat/7.jpg]
[demo.hasthemes.com/sheltek-preview/sheltek/images/flat/8.jpg]
[demo.hasthemes.com/sheltek-preview/sheltek/images/flat/9.jpg]
[demo.hasthemes.com/sheltek-preview/sheltek/images/icons/7.png]
[demo.hasthemes.com/sheltek-preview/sheltek/images/agents/1.jpg]
[demo.hasthemes.com/sheltek-preview/sheltek/images/icons/phone-2.png]
[demo.hasthemes.com/sheltek-preview/sheltek/images/icons/mail-close.png]
[demo.hasthemes.com/sheltek-preview/sheltek/images/agents/2.jpg]
[demo.hasthemes.com/sheltek-preview/sheltek/images/agents/3.jpg]
[demo.hasthemes.com/sheltek-preview/sheltek/images/agents/4.jpg]
[demo.hasthemes.com/sheltek-preview/sheltek/images/others/testimonial.jpg]
[demo.hasthemes.com/sheltek-preview/sheltek/images/blog/1.jpg]
[demo.hasthemes.com/sheltek-preview/sheltek/images/blog/2.jpg]
[demo.hasthemes.com/sheltek-preview/sheltek/images/blog/3.jpg]
[demo.hasthemes.com/sheltek-preview/sheltek/images/brand/1.png]
[demo.hasthemes.com/sheltek-preview/sheltek/images/brand/2.png]
[demo.hasthemes.com/sheltek-preview/sheltek/images/brand/3.png]
[demo.hasthemes.com/sheltek-preview/sheltek/images/brand/4.png]
[demo.hasthemes.com/sheltek-preview/sheltek/images/brand/5.png]
[demo.hasthemes.com/sheltek-preview/sheltek/images/icons/location-2.png]
[demo.hasthemes.com/sheltek-preview/sheltek/images/icons/phone-3.png]
[demo.hasthemes.com/sheltek-preview/sheltek/images/icons/world.png]
[demo.hasthemes.com/sheltek-preview/sheltek/images/customizer/bodybg/01.jpg]
[demo.hasthemes.com/sheltek-preview/sheltek/images/customizer/bodybg/02.jpg]
[demo.hasthemes.com/sheltek-preview/sheltek/images/customizer/bodybg/03.jpg]
[demo.hasthemes.com/sheltek-preview/sheltek/images/customizer/bodybg/04.jpg]
[demo.hasthemes.com/sheltek-preview/sheltek/images/customizer/bodybg/05.jpg]
[demo.hasthemes.com/sheltek-preview/sheltek/images/customizer/bodybg/06.jpg]
[demo.hasthemes.com/sheltek-preview/sheltek/images/customizer/bodybg/07.jpg]
[demo.hasthemes.com/sheltek-preview/sheltek/images/customizer/bodybg/08.jpg]
[demo.hasthemes.com/sheltek-preview/sheltek/js/vendor/jquery-3.1.1.min.js]
[demo.hasthemes.com/sheltek-preview/sheltek/js/bootstrap.min.js]
[demo.hasthemes.com/sheltek-preview/sheltek/lib/js/jquery.nivo.slider.js]
[demo.hasthemes.com/sheltek-preview/sheltek/js/ajax-mail.js]
[demo.hasthemes.com/sheltek-preview/sheltek/js/plugins.js]
[demo.hasthemes.com/sheltek-preview/sheltek/index-2.html]
[demo.hasthemes.com/sheltek-preview/sheltek/css/bootstrap.min.css]
[demo.hasthemes.com/sheltek-preview/sheltek/lib/css/nivo-slider.css]
[demo.hasthemes.com/sheltek-preview/sheltek/js/main.js]
[demo.hasthemes.com/sheltek-preview/sheltek/css/montserrat.css]
[demo.hasthemes.com/sheltek-preview/sheltek/css/font-awesome.min.css]
[demo.hasthemes.com/sheltek-preview/sheltek/css/plugins/animate.css]
[demo.hasthemes.com/sheltek-preview/sheltek/css/plugins/jquery-ui.min.css]
[demo.hasthemes.com/sheltek-preview/sheltek/css/plugins/bootstrap-select.css]
[demo.hasthemes.com/sheltek-preview/sheltek/css/plugins/meanmenu.min.css]
[demo.hasthemes.com/sheltek-preview/sheltek/css/plugins/slick.css]
[demo.hasthemes.com/sheltek-preview/sheltek/css/plugins/lightbox.min.css]
[demo.hasthemes.com/sheltek-preview/sheltek/css/plugins/jquery.mb.YTPlayer.min.css]
[demo.hasthemes.com/sheltek-preview/sheltek/css/plugins/jquery.mb.vimeo_player.min.css]
[demo.hasthemes.com/sheltek-preview/sheltek/css/plugins/textanimate.css]
[demo.hasthemes.com/sheltek-preview/sheltek/css/core.css]
[demo.hasthemes.com/sheltek-preview/sheltek/css/shortcode/default.css]
[demo.hasthemes.com/sheltek-preview/sheltek/css/shortcode/header.css]
[demo.hasthemes.com/sheltek-preview/sheltek/css/shortcode/slider.css]
[demo.hasthemes.com/sheltek-preview/sheltek/css/shortcode/shortcodes.css]
[demo.hasthemes.com/sheltek-preview/sheltek/css/shortcode/footer.css]
[demo.hasthemes.com/sheltek-preview/sheltek/images/others/features.jpg]
[demo.hasthemes.com/sheltek-preview/sheltek/images/bg/5.jpg]
[demo.hasthemes.com/sheltek-preview/sheltek/images/others/contact-2.jpg]
[demo.hasthemes.com/sheltek-preview/sheltek/images/others/error.jpg]
[demo.hasthemes.com/sheltek-preview/sheltek/images/bg/10.jpg]
[demo.hasthemes.com/sheltek-preview/sheltek/images/bg/3.jpg]
[demo.hasthemes.com/sheltek-preview/sheltek/style.css]
[demo.hasthemes.com/sheltek-preview/sheltek/css/responsive.css]
[demo.hasthemes.com/sheltek-preview/sheltek/css/custom.css]
[demo.hasthemes.com/sheltek-preview/sheltek/images/customizer/pattern/1.png]
[demo.hasthemes.com/sheltek-preview/sheltek/images/customizer/pattern/2.png]
[demo.hasthemes.com/sheltek-preview/sheltek/images/customizer/pattern/3.png]
[demo.hasthemes.com/sheltek-preview/sheltek/images/customizer/pattern/4.png]
[demo.hasthemes.com/sheltek-preview/sheltek/images/customizer/pattern/5.png]
[demo.hasthemes.com/sheltek-preview/sheltek/images/customizer/pattern/6.png]
[demo.hasthemes.com/sheltek-preview/sheltek/images/customizer/pattern/7.png]
[demo.hasthemes.com/sheltek-preview/sheltek/images/customizer/pattern/8.png]
[demo.hasthemes.com/sheltek-preview/sheltek/images/main-bg-0.jpg]
[demo.hasthemes.com/sheltek-preview/sheltek/css/style-customizer.css]
[demo.hasthemes.com/sheltek-preview/sheltek/images/slider/1.jpg]
[demo.hasthemes.com/sheltek-preview/sheltek/images/slider/2.jpg]
[demo.hasthemes.com/sheltek-preview/sheltek/images/about/1.jpg]
[demo.hasthemes.com/sheltek-preview/sheltek/index.html]
[demo.hasthemes.com/sheltek-preview/sheltek/index-3.html]
[demo.hasthemes.com/sheltek-preview/sheltek/index-4.html]
[demo.hasthemes.com/sheltek-preview/sheltek/index-5.html]
[demo.hasthemes.com/sheltek-preview/sheltek/index-6.html]
[demo.hasthemes.com/sheltek-preview/sheltek/index-7.html]
[demo.hasthemes.com/sheltek-preview/sheltek/index-8.html]
[demo.hasthemes.com/sheltek-preview/sheltek/index-9.html]
[demo.hasthemes.com/sheltek-preview/sheltek/index-10.html]
[demo.hasthemes.com/sheltek-preview/sheltek/index-11.html]
[demo.hasthemes.com/sheltek-preview/sheltek/js/maplace-active.js]
[demo.hasthemes.com/sheltek-preview/sheltek/index-12.html]
[demo.hasthemes.com/sheltek-preview/sheltek/index-13.html]
[demo.hasthemes.com/sheltek-preview/sheltek/elements-accordion.html]
[demo.hasthemes.com/sheltek-preview/sheltek/js/google-map.js]
[demo.hasthemes.com/sheltek-preview/sheltek/images/agents/5.jpg]
[demo.hasthemes.com/sheltek-preview/sheltek/images/agents/6.jpg]
[demo.hasthemes.com/sheltek-preview/sheltek/images/agents/7.jpg]
[demo.hasthemes.com/sheltek-preview/sheltek/images/agents/8.jpg]
[demo.hasthemes.com/sheltek-preview/sheltek/images/agents/9.jpg]
[demo.hasthemes.com/sheltek-preview/sheltek/images/agents/10.jpg]
[demo.hasthemes.com/sheltek-preview/sheltek/images/agents/11.jpg]
[demo.hasthemes.com/sheltek-preview/sheltek/elements-agent.html]
[demo.hasthemes.com/sheltek-preview/sheltek/images/agents/12.jpg]
[demo.hasthemes.com/sheltek-preview/sheltek/elements-alerts.html]
[demo.hasthemes.com/sheltek-preview/sheltek/audio/blog-audio.mp3]
[demo.hasthemes.com/sheltek-preview/sheltek/elements-audio.html]
[demo.hasthemes.com/sheltek-preview/sheltek/elements-call-to-actions.html]
[demo.hasthemes.com/sheltek-preview/sheltek/elements-contact-1.html]
[demo.hasthemes.com/sheltek-preview/sheltek/elements-contact-2.html]
[demo.hasthemes.com/sheltek-preview/sheltek/elements-features.html]
[demo.hasthemes.com/sheltek-preview/sheltek/elements-footer-1.html]
[demo.hasthemes.com/sheltek-preview/sheltek/elements-footer-2.html]
[demo.hasthemes.com/sheltek-preview/sheltek/elements-header-sticky-no.html]
[demo.hasthemes.com/sheltek-preview/sheltek/elements-header-sticky.html]
[demo.hasthemes.com/sheltek-preview/sheltek/elements-map.html]
[demo.hasthemes.com/sheltek-preview/sheltek/images/avatar/1.jpg]
[demo.hasthemes.com/sheltek-preview/sheltek/images/avatar/2.jpg]
[demo.hasthemes.com/sheltek-preview/sheltek/images/avatar/3.jpg]
[demo.hasthemes.com/sheltek-preview/sheltek/elements-media.html]
[demo.hasthemes.com/sheltek-preview/sheltek/elements-pagination.html]
[demo.hasthemes.com/sheltek-preview/sheltek/elements-progress-bar.html]
[demo.hasthemes.com/sheltek-preview/sheltek/elements-property.html]
[demo.hasthemes.com/sheltek-preview/sheltek/elements-services.html]
[demo.hasthemes.com/sheltek-preview/sheltek/elements-sidebar-left-1.html]
[demo.hasthemes.com/sheltek-preview/sheltek/images/recent-post/1.jpg]
[demo.hasthemes.com/sheltek-preview/sheltek/images/recent-post/2.jpg]
[demo.hasthemes.com/sheltek-preview/sheltek/images/recent-post/3.jpg]
[demo.hasthemes.com/sheltek-preview/sheltek/images/others/add.jpg]
[demo.hasthemes.com/sheltek-preview/sheltek/elements-sidebar-left-2.html]
[demo.hasthemes.com/sheltek-preview/sheltek/elements-sidebar-right-1.html]
[demo.hasthemes.com/sheltek-preview/sheltek/elements-sidebar-right-2.html]
[demo.hasthemes.com/sheltek-preview/sheltek/elements-tab.html]
[demo.hasthemes.com/sheltek-preview/sheltek/elements-table.html]
[demo.hasthemes.com/sheltek-preview/sheltek/elements-testimonials.html]
[demo.hasthemes.com/sheltek-preview/sheltek/elements-toggles.html]
[demo.hasthemes.com/sheltek-preview/sheltek/elements-typography.html]
[demo.hasthemes.com/sheltek-preview/sheltek/elements-video.html]
[demo.hasthemes.com/sheltek-preview/sheltek/images/about/4.jpg]
[demo.hasthemes.com/sheltek-preview/sheltek/service.html]
[demo.hasthemes.com/sheltek-preview/sheltek/images/about/5.jpg]
[demo.hasthemes.com/sheltek-preview/sheltek/service-details.html]
[demo.hasthemes.com/sheltek-preview/sheltek/properties.html]
[demo.hasthemes.com/sheltek-preview/sheltek/properties-left-sidebar.html]
[demo.hasthemes.com/sheltek-preview/sheltek/properties-right-sidebar.html]
[demo.hasthemes.com/sheltek-preview/sheltek/images/single-property/big/1.jpg]
[demo.hasthemes.com/sheltek-preview/sheltek/images/single-property/big/2.jpg]
[demo.hasthemes.com/sheltek-preview/sheltek/images/single-property/big/3.jpg]
[demo.hasthemes.com/sheltek-preview/sheltek/images/single-property/small/1.jpg]
[demo.hasthemes.com/sheltek-preview/sheltek/images/single-property/small/2.jpg]
[demo.hasthemes.com/sheltek-preview/sheltek/images/single-property/small/3.jpg]
[demo.hasthemes.com/sheltek-preview/sheltek/images/single-property/small/4.jpg]
[demo.hasthemes.com/sheltek-preview/sheltek/images/icons/13.png]
[demo.hasthemes.com/sheltek-preview/sheltek/images/icons/14.png]
[demo.hasthemes.com/sheltek-preview/sheltek/properties-details.html]
[demo.hasthemes.com/sheltek-preview/sheltek/agent.html]
[demo.hasthemes.com/sheltek-preview/sheltek/images/agents/14.jpg]
[demo.hasthemes.com/sheltek-preview/sheltek/images/icons/15.png]
[demo.hasthemes.com/sheltek-preview/sheltek/agent-details.html]
[demo.hasthemes.com/sheltek-preview/sheltek/images/about/3.jpg]
[demo.hasthemes.com/sheltek-preview/sheltek/about.html]
[demo.hasthemes.com/sheltek-preview/sheltek/features.html]
[demo.hasthemes.com/sheltek-preview/sheltek/coming-soon.html]
[demo.hasthemes.com/sheltek-preview/sheltek/login.html]
[demo.hasthemes.com/sheltek-preview/sheltek/404.html]
[demo.hasthemes.com/sheltek-preview/sheltek/contact.html]
[demo.hasthemes.com/sheltek-preview/sheltek/blog.html]
[demo.hasthemes.com/sheltek-preview/sheltek/blog-left-sidebar.html]
[demo.hasthemes.com/sheltek-preview/sheltek/blog-right-sidebar.html]
[demo.hasthemes.com/sheltek-preview/sheltek/images/blog/blog-details.jpg]
[demo.hasthemes.com/sheltek-preview/sheltek/single-blog.html]
[demo.hasthemes.com/sheltek-preview/sheltek/fonts/montserrat/Montserrat-ExtraBold.eot]
[demo.hasthemes.com/sheltek-preview/sheltek/fonts/montserrat/Montserrat-ExtraBoldd41d.eot]
[demo.hasthemes.com/sheltek-preview/sheltek/fonts/montserrat/Montserrat-ExtraBold.woff2]
[demo.hasthemes.com/sheltek-preview/sheltek/fonts/montserrat/Montserrat-ExtraBold.woff]
[demo.hasthemes.com/sheltek-preview/sheltek/fonts/montserrat/Montserrat-ExtraBold.ttf]
[demo.hasthemes.com/sheltek-preview/sheltek/fonts/montserrat/Montserrat-SemiBold.eot]
[demo.hasthemes.com/sheltek-preview/sheltek/fonts/montserrat/Montserrat-SemiBoldd41d.eot]
[demo.hasthemes.com/sheltek-preview/sheltek/fonts/montserrat/Montserrat-SemiBold.woff2]
[demo.hasthemes.com/sheltek-preview/sheltek/fonts/montserrat/Montserrat-SemiBold.woff]
[demo.hasthemes.com/sheltek-preview/sheltek/fonts/montserrat/Montserrat-SemiBold.ttf]
[demo.hasthemes.com/sheltek-preview/sheltek/fonts/montserrat/Montserrat-Medium.eot]
[demo.hasthemes.com/sheltek-preview/sheltek/fonts/montserrat/Montserrat-Mediumd41d.eot]
[demo.hasthemes.com/sheltek-preview/sheltek/fonts/montserrat/Montserrat-Medium.woff2]
[demo.hasthemes.com/sheltek-preview/sheltek/fonts/montserrat/Montserrat-Medium.woff]
[demo.hasthemes.com/sheltek-preview/sheltek/fonts/montserrat/Montserrat-Medium.ttf]
[demo.hasthemes.com/sheltek-preview/sheltek/fonts/montserrat/Montserrat-Regular.eot]
[demo.hasthemes.com/sheltek-preview/sheltek/fonts/montserrat/Montserrat-Regulard41d.eot]
[demo.hasthemes.com/sheltek-preview/sheltek/fonts/montserrat/Montserrat-Regular.woff2]
[demo.hasthemes.com/sheltek-preview/sheltek/fonts/montserrat/Montserrat-Regular.woff]
[demo.hasthemes.com/sheltek-preview/sheltek/fonts/montserrat/Montserrat-ExtraLight.eot]
[demo.hasthemes.com/sheltek-preview/sheltek/fonts/montserrat/Montserrat-ExtraLightd41d.eot]
[demo.hasthemes.com/sheltek-preview/sheltek/fonts/montserrat/Montserrat-Regular.ttf]
[demo.hasthemes.com/sheltek-preview/sheltek/fonts/montserrat/Montserrat-ExtraLight.woff2]
[demo.hasthemes.com/sheltek-preview/sheltek/fonts/montserrat/Montserrat-ExtraLight.woff]
[demo.hasthemes.com/sheltek-preview/sheltek/fonts/montserrat/Montserrat-ExtraLight.ttf]
[demo.hasthemes.com/sheltek-preview/sheltek/fonts/montserrat/Montserrat-Light.eot]
[demo.hasthemes.com/sheltek-preview/sheltek/fonts/montserrat/Montserrat-Lightd41d.eot]
[demo.hasthemes.com/sheltek-preview/sheltek/fonts/montserrat/Montserrat-Light.woff2]
[demo.hasthemes.com/sheltek-preview/sheltek/fonts/montserrat/Montserrat-Light.woff]
[demo.hasthemes.com/sheltek-preview/sheltek/fonts/montserrat/Montserrat-Light.ttf]
[demo.hasthemes.com/sheltek-preview/sheltek/fonts/montserrat/Montserrat-Thin.eot]
[demo.hasthemes.com/sheltek-preview/sheltek/fonts/montserrat/Montserrat-Thind41d.eot]
[demo.hasthemes.com/sheltek-preview/sheltek/fonts/montserrat/Montserrat-Thin.woff2]
[demo.hasthemes.com/sheltek-preview/sheltek/fonts/montserrat/Montserrat-Thin.woff]
[demo.hasthemes.com/sheltek-preview/sheltek/fonts/montserrat/Montserrat-Thin.ttf]
[demo.hasthemes.com/sheltek-preview/sheltek/fonts/montserrat/Montserrat-Black.eot]
[demo.hasthemes.com/sheltek-preview/sheltek/fonts/montserrat/Montserrat-Blackd41d.eot]
[demo.hasthemes.com/sheltek-preview/sheltek/fonts/montserrat/Montserrat-Black.woff2]
[demo.hasthemes.com/sheltek-preview/sheltek/fonts/montserrat/Montserrat-Black.woff]
[demo.hasthemes.com/sheltek-preview/sheltek/fonts/montserrat/Montserrat-Black.ttf]
[demo.hasthemes.com/sheltek-preview/sheltek/fonts/montserrat/Montserrat-Bold.eot]
[demo.hasthemes.com/sheltek-preview/sheltek/fonts/montserrat/Montserrat-Boldd41d.eot]
[demo.hasthemes.com/sheltek-preview/sheltek/fonts/montserrat/Montserrat-Bold.woff2]
[demo.hasthemes.com/sheltek-preview/sheltek/fonts/montserrat/Montserrat-Bold.woff]
[demo.hasthemes.com/sheltek-preview/sheltek/css/montserrat.css]
[demo.hasthemes.com/sheltek-preview/sheltek/fonts/montserrat/Montserrat-Bold.ttf]
[demo.hasthemes.com/sheltek-preview/sheltek/fonts/fontawesome-webfont3e6e.eot]
[demo.hasthemes.com/sheltek-preview/sheltek/fonts/fontawesome-webfontd41d.eot]
[demo.hasthemes.com/sheltek-preview/sheltek/fonts/fontawesome-webfont3e6e.woff2]
[demo.hasthemes.com/sheltek-preview/sheltek/fonts/fontawesome-webfont3e6e.woff]
[demo.hasthemes.com/sheltek-preview/sheltek/fonts/fontawesome-webfont3e6e.ttf]
[demo.hasthemes.com/sheltek-preview/sheltek/css/font-awesome.min.css]
[demo.hasthemes.com/sheltek-preview/sheltek/css/plugins/animate.css]
[demo.hasthemes.com/sheltek-preview/sheltek/fonts/fontawesome-webfont3e6e.svg]
[demo.hasthemes.com/sheltek-preview/sheltek/css/plugins/images/ui-bg_inset-hard_100_fcfdfd_1x100.png]
[demo.hasthemes.com/sheltek-preview/sheltek/css/plugins/images/ui-bg_gloss-wave_55_5c9ccc_500x100.png]
[demo.hasthemes.com/sheltek-preview/sheltek/css/plugins/images/ui-bg_glass_85_dfeffc_1x400.png]
[demo.hasthemes.com/sheltek-preview/sheltek/css/plugins/images/ui-bg_glass_75_d0e5f5_1x400.png]
[demo.hasthemes.com/sheltek-preview/sheltek/css/plugins/images/ui-bg_inset-hard_100_f5f8f9_1x100.png]
[demo.hasthemes.com/sheltek-preview/sheltek/css/plugins/images/ui-bg_glass_95_fef1ec_1x400.png]
[demo.hasthemes.com/sheltek-preview/sheltek/css/plugins/images/ui-icons_469bdd_256x240.png]
[demo.hasthemes.com/sheltek-preview/sheltek/css/plugins/images/ui-icons_d8e7f3_256x240.png]
[demo.hasthemes.com/sheltek-preview/sheltek/css/plugins/images/ui-icons_6da8d5_256x240.png]
[demo.hasthemes.com/sheltek-preview/sheltek/css/plugins/images/ui-icons_217bc0_256x240.png]
[demo.hasthemes.com/sheltek-preview/sheltek/css/plugins/images/ui-icons_f9bd01_256x240.png]
[demo.hasthemes.com/sheltek-preview/sheltek/css/plugins/images/ui-icons_2e83ff_256x240.png]
[demo.hasthemes.com/sheltek-preview/sheltek/css/plugins/images/ui-icons_cd0a0a_256x240.png]
[demo.hasthemes.com/sheltek-preview/sheltek/css/plugins/jquery-ui.min.css]
[demo.hasthemes.com/sheltek-preview/sheltek/css/plugins/bootstrap-select.css]
[demo.hasthemes.com/sheltek-preview/sheltek/css/plugins/meanmenu.min.css]
[demo.hasthemes.com/sheltek-preview/sheltek/css/plugins/slick.css]
[demo.hasthemes.com/sheltek-preview/sheltek/images/lightbx/close.png]
[demo.hasthemes.com/sheltek-preview/sheltek/images/lightbx/loading.gif]
[demo.hasthemes.com/sheltek-preview/sheltek/images/lightbx/prev.png]
[demo.hasthemes.com/sheltek-preview/sheltek/images/lightbx/next.png]
[demo.hasthemes.com/sheltek-preview/sheltek/css/plugins/lightbox.min.css]
[demo.hasthemes.com/sheltek-preview/sheltek/css/plugins/font/ytp-regular.eot]
[demo.hasthemes.com/sheltek-preview/sheltek/css/plugins/jquery.mb.YTPlayer.min.css]
[demo.hasthemes.com/sheltek-preview/sheltek/css/plugins/font/vimeo.eot]
[demo.hasthemes.com/sheltek-preview/sheltek/css/plugins/font/vimeo.woff2]
[demo.hasthemes.com/sheltek-preview/sheltek/css/plugins/font/vimeo.woff]
[demo.hasthemes.com/sheltek-preview/sheltek/css/plugins/images/raster.png]
[demo.hasthemes.com/sheltek-preview/sheltek/css/plugins/images/raster@2x.png]
[demo.hasthemes.com/sheltek-preview/sheltek/css/plugins/images/raster_dot.png]
[demo.hasthemes.com/sheltek-preview/sheltek/css/plugins/images/raster_dot@2x.png]
[demo.hasthemes.com/sheltek-preview/sheltek/css/plugins/jquery.mb.vimeo_player.min.css]
[demo.hasthemes.com/sheltek-preview/sheltek/css/plugins/textanimate.css]
[demo.hasthemes.com/sheltek-preview/sheltek/images/icons/down-arrow.png]
[demo.hasthemes.com/sheltek-preview/sheltek/css/shortcode/images/bg/1.jpg]
[demo.hasthemes.com/sheltek-preview/sheltek/css/shortcode/images/bg/2.jpg]
[demo.hasthemes.com/sheltek-preview/sheltek/css/shortcode/images/bg/3.jpg]
[demo.hasthemes.com/sheltek-preview/sheltek/css/shortcode/images/bg/4.jpg]
[demo.hasthemes.com/sheltek-preview/sheltek/css/shortcode/images/bg/5.jpg]
[demo.hasthemes.com/sheltek-preview/sheltek/css/shortcode/images/bg/6.jpg]
[demo.hasthemes.com/sheltek-preview/sheltek/css/shortcode/images/bg/7.jpg]
[demo.hasthemes.com/sheltek-preview/sheltek/css/shortcode/images/bg/8.jpg]
[demo.hasthemes.com/sheltek-preview/sheltek/css/shortcode/images/bg/9.jpg]
[demo.hasthemes.com/sheltek-preview/sheltek/css/shortcode/images/bg/10.jpg]
[demo.hasthemes.com/sheltek-preview/sheltek/images/bg/1.jpg]
[demo.hasthemes.com/sheltek-preview/sheltek/images/bg/2.jpg]
[demo.hasthemes.com/sheltek-preview/sheltek/images/bg/4.jpg]
[demo.hasthemes.com/sheltek-preview/sheltek/images/bg/6.jpg]
[demo.hasthemes.com/sheltek-preview/sheltek/images/bg/7.jpg]
[demo.hasthemes.com/sheltek-preview/sheltek/images/bg/8.jpg]
[demo.hasthemes.com/sheltek-preview/sheltek/images/bg/9.jpg]
[demo.hasthemes.com/sheltek-preview/sheltek/css/shortcode/images/pattern/pattern-bg.png]
[demo.hasthemes.com/sheltek-preview/sheltek/css/shortcode/default.css]
[demo.hasthemes.com/sheltek-preview/sheltek/css/shortcode/header.css]
[demo.hasthemes.com/sheltek-preview/sheltek/images/icons/grid.png]
[demo.hasthemes.com/sheltek-preview/sheltek/css/shortcode/slider.css]
[demo.hasthemes.com/sheltek-preview/sheltek/css/shortcode/footer.css]
[demo.hasthemes.com/sheltek-preview/sheltek/images/main-bg-0.jpg]
[demo.hasthemes.com/sheltek-preview/sheltek/fonts/fontawesome-webfont3e6e.svg]
[demo.hasthemes.com/sheltek-preview/sheltek/css/plugins/images/ui-bg_inset-hard_100_fcfdfd_1x100.png]
[demo.hasthemes.com/sheltek-preview/sheltek/css/plugins/images/ui-bg_gloss-wave_55_5c9ccc_500x100.png]
[demo.hasthemes.com/sheltek-preview/sheltek/css/plugins/images/ui-bg_glass_85_dfeffc_1x400.png]
[demo.hasthemes.com/sheltek-preview/sheltek/css/plugins/images/ui-bg_glass_75_d0e5f5_1x400.png]
[demo.hasthemes.com/sheltek-preview/sheltek/css/plugins/images/ui-bg_inset-hard_100_f5f8f9_1x100.png]
[demo.hasthemes.com/sheltek-preview/sheltek/css/plugins/images/ui-bg_glass_95_fef1ec_1x400.png]
[demo.hasthemes.com/sheltek-preview/sheltek/css/plugins/images/ui-icons_469bdd_256x240.png]
[demo.hasthemes.com/sheltek-preview/sheltek/css/plugins/images/ui-icons_d8e7f3_256x240.png]
[demo.hasthemes.com/sheltek-preview/sheltek/css/plugins/images/ui-icons_6da8d5_256x240.png]
[demo.hasthemes.com/sheltek-preview/sheltek/css/plugins/images/ui-icons_217bc0_256x240.png]
[demo.hasthemes.com/sheltek-preview/sheltek/css/plugins/images/ui-icons_f9bd01_256x240.png]
[demo.hasthemes.com/sheltek-preview/sheltek/css/plugins/images/ui-icons_2e83ff_256x240.png]
[demo.hasthemes.com/sheltek-preview/sheltek/css/plugins/images/ui-icons_cd0a0a_256x240.png]
[demo.hasthemes.com/sheltek-preview/sheltek/css/plugins/font/ytp-regular.eot]
[demo.hasthemes.com/sheltek-preview/sheltek/css/plugins/font/vimeo.eot]
[demo.hasthemes.com/sheltek-preview/sheltek/css/shortcode/images/bg/1.jpg]
[demo.hasthemes.com/sheltek-preview/sheltek/css/shortcode/images/bg/2.jpg]
[demo.hasthemes.com/sheltek-preview/sheltek/css/shortcode/images/bg/3.jpg]
[demo.hasthemes.com/sheltek-preview/sheltek/css/shortcode/images/bg/4.jpg]
[demo.hasthemes.com/sheltek-preview/sheltek/css/shortcode/images/bg/5.jpg]
[demo.hasthemes.com/sheltek-preview/sheltek/css/shortcode/images/bg/6.jpg]
[demo.hasthemes.com/sheltek-preview/sheltek/css/shortcode/images/bg/7.jpg]
[demo.hasthemes.com/sheltek-preview/sheltek/css/shortcode/images/bg/8.jpg]
[demo.hasthemes.com/sheltek-preview/sheltek/css/shortcode/images/bg/9.jpg]
[demo.hasthemes.com/sheltek-preview/sheltek/css/shortcode/images/bg/10.jpg]
[demo.hasthemes.com/sheltek-preview/sheltek/css/shortcode/images/pattern/pattern-bg.png]
